C:\Program Files\dotnet\sdk\10.0.200-preview.0.26103.119\Sdks\Microsoft.NET.Sdk\targets\Microsoft.NET.RuntimeIdentifierInference.targets(383,5): message NETSDK1057: You are using a preview version of .NET. See: https://aka.ms/dotnet-support-policy [C:\Users\philh\OneDrive\Dokumente\QotD-Bot\src\QotD.Bot\QotD.Bot.csproj]
C:\Users\philh\OneDrive\Dokumente\QotD-Bot\src\QotD.Bot\Commands\AddQuestionCommand.cs(115,48): error CS0738: 'DateAutoCompleteProvider' does not implement interface member 'IAutoCompleteProvider.AutoCompleteAsync(AutoCompleteContext)'. 'DateAutoCompleteProvider.AutoCompleteAsync(AutoCompleteContext)' cannot implement 'IAutoCompleteProvider.AutoCompleteAsync(AutoCompleteContext)' because it does not have the matching return type of 'ValueTask<IEnumerable<DiscordAutoCompleteChoice>>'. [C:\Users\philh\OneDrive\Dokumente\QotD-Bot\src\QotD.Bot\QotD.Bot.csproj]
C:\Users\philh\OneDrive\Dokumente\QotD-Bot\src\QotD.Bot\Commands\AddQuestionCommand.cs(40,10): error CS0246: The type or namespace name 'MaximumLengthAttribute' could not be found (are you missing a using directive or an assembly reference?) [C:\Users\philh\OneDrive\Dokumente\QotD-Bot\src\QotD.Bot\QotD.Bot.csproj]
C:\Users\philh\OneDrive\Dokumente\QotD-Bot\src\QotD.Bot\Commands\AddQuestionCommand.cs(40,10): error CS0246: The type or namespace name 'MaximumLength' could not be found (are you missing a using directive or an assembly reference?) [C:\Users\philh\OneDrive\Dokumente\QotD-Bot\src\QotD.Bot\QotD.Bot.csproj]

Build FAILED.

C:\Users\philh\OneDrive\Dokumente\QotD-Bot\src\QotD.Bot\Commands\AddQuestionCommand.cs(115,48): error CS0738: 'DateAutoCompleteProvider' does not implement interface member 'IAutoCompleteProvider.AutoCompleteAsync(AutoCompleteContext)'. 'DateAutoCompleteProvider.AutoCompleteAsync(AutoCompleteContext)' cannot implement 'IAutoCompleteProvider.AutoCompleteAsync(AutoCompleteContext)' because it does not have the matching return type of 'ValueTask<IEnumerable<DiscordAutoCompleteChoice>>'. [C:\Users\philh\OneDrive\Dokumente\QotD-Bot\src\QotD.Bot\QotD.Bot.csproj]
C:\Users\philh\OneDrive\Dokumente\QotD-Bot\src\QotD.Bot\Commands\AddQuestionCommand.cs(40,10): error CS0246: The type or namespace name 'MaximumLengthAttribute' could not be found (are you missing a using directive or an assembly reference?) [C:\Users\philh\OneDrive\Dokumente\QotD-Bot\src\QotD.Bot\QotD.Bot.csproj]
C:\Users\philh\OneDrive\Dokumente\QotD-Bot\src\QotD.Bot\Commands\AddQuestionCommand.cs(40,10): error CS0246: The type or namespace name 'MaximumLength' could not be found (are you missing a using directive or an assembly reference?) [C:\Users\philh\OneDrive\Dokumente\QotD-Bot\src\QotD.Bot\QotD.Bot.csproj]
    0 Warning(s)
    3 Error(s)

Time Elapsed 00:00:00.64
