  Determining projects to restore...
  All projects are up-to-date for restore.
C:\Users\philh\OneDrive\Dokumente\CozyCove\QotD-Bot\src\QotD.Bot\Features\Logging\Services\LogSetupEventHandler.cs(39,46): warning CS8604: Possible null reference argument for parameter 'obj' in 'bool DiscordMember.operator ==(DiscordMember obj, DiscordMember other)'. [C:\Users\philh\OneDrive\Dokumente\CozyCove\QotD-Bot\src\QotD.Bot\QotD.Bot.csproj]
C:\Users\philh\OneDrive\Dokumente\CozyCove\QotD-Bot\src\QotD.Bot\Features\Logging\Services\LogSetupEventHandler.cs(39,56): warning CS8625: Cannot convert null literal to non-nullable reference type. [C:\Users\philh\OneDrive\Dokumente\CozyCove\QotD-Bot\src\QotD.Bot\QotD.Bot.csproj]
C:\Users\philh\OneDrive\Dokumente\CozyCove\QotD-Bot\src\QotD.Bot\Features\Birthdays\Services\BirthdayBackgroundService.cs(76,22): warning CS8625: Cannot convert null literal to non-nullable reference type. [C:\Users\philh\OneDrive\Dokumente\CozyCove\QotD-Bot\src\QotD.Bot\QotD.Bot.csproj]
C:\Users\philh\OneDrive\Dokumente\CozyCove\QotD-Bot\src\QotD.Bot\Features\Birthdays\Services\BirthdayBackgroundService.cs(93,31): warning CS8625: Cannot convert null literal to non-nullable reference type. [C:\Users\philh\OneDrive\Dokumente\CozyCove\QotD-Bot\src\QotD.Bot\QotD.Bot.csproj]
C:\Users\philh\OneDrive\Dokumente\CozyCove\QotD-Bot\src\QotD.Bot\Features\Birthdays\Services\BirthdayBackgroundService.cs(98,29): warning CS8604: Possible null reference argument for parameter 'e1' in 'bool DiscordRole.operator !=(DiscordRole e1, DiscordRole e2)'. [C:\Users\philh\OneDrive\Dokumente\CozyCove\QotD-Bot\src\QotD.Bot\QotD.Bot.csproj]
C:\Users\philh\OneDrive\Dokumente\CozyCove\QotD-Bot\src\QotD.Bot\Features\Birthdays\Services\BirthdayBackgroundService.cs(98,37): warning CS8625: Cannot convert null literal to non-nullable reference type. [C:\Users\philh\OneDrive\Dokumente\CozyCove\QotD-Bot\src\QotD.Bot\QotD.Bot.csproj]
C:\Users\philh\OneDrive\Dokumente\CozyCove\QotD-Bot\src\QotD.Bot\Features\Birthdays\Services\BirthdayBackgroundService.cs(110,17): warning CS8604: Possible null reference argument for parameter 'e1' in 'bool DiscordRole.operator !=(DiscordRole e1, DiscordRole e2)'. [C:\Users\philh\OneDrive\Dokumente\CozyCove\QotD-Bot\src\QotD.Bot\QotD.Bot.csproj]
C:\Users\philh\OneDrive\Dokumente\CozyCove\QotD-Bot\src\QotD.Bot\Features\Birthdays\Services\BirthdayBackgroundService.cs(110,25): warning CS8625: Cannot convert null literal to non-nullable reference type. [C:\Users\philh\OneDrive\Dokumente\CozyCove\QotD-Bot\src\QotD.Bot\QotD.Bot.csproj]
C:\Users\philh\OneDrive\Dokumente\CozyCove\QotD-Bot\src\QotD.Bot\Features\Birthdays\Services\BirthdayBackgroundService.cs(138,17): warning CS8604: Possible null reference argument for parameter 'e1' in 'bool DiscordChannel.operator !=(DiscordChannel e1, DiscordChannel e2)'. [C:\Users\philh\OneDrive\Dokumente\CozyCove\QotD-Bot\src\QotD.Bot\QotD.Bot.csproj]
C:\Users\philh\OneDrive\Dokumente\CozyCove\QotD-Bot\src\QotD.Bot\Features\Birthdays\Services\BirthdayBackgroundService.cs(138,28): warning CS8625: Cannot convert null literal to non-nullable reference type. [C:\Users\philh\OneDrive\Dokumente\CozyCove\QotD-Bot\src\QotD.Bot\QotD.Bot.csproj]
C:\Users\philh\OneDrive\Dokumente\CozyCove\QotD-Bot\src\QotD.Bot\Features\Logging\Services\DiscordLoggingEventHandler.cs(73,24): warning CS8625: Cannot convert null literal to non-nullable reference type. [C:\Users\philh\OneDrive\Dokumente\CozyCove\QotD-Bot\src\QotD.Bot\QotD.Bot.csproj]
C:\Users\philh\OneDrive\Dokumente\CozyCove\QotD-Bot\src\QotD.Bot\Features\Logging\Services\DiscordLoggingEventHandler.cs(87,24): warning CS8625: Cannot convert null literal to non-nullable reference type. [C:\Users\philh\OneDrive\Dokumente\CozyCove\QotD-Bot\src\QotD.Bot\QotD.Bot.csproj]
C:\Users\philh\OneDrive\Dokumente\CozyCove\QotD-Bot\src\QotD.Bot\Features\Teams\Services\TeamSetupEventHandler.cs(32,46): warning CS8604: Possible null reference argument for parameter 'obj' in 'bool DiscordMember.operator ==(DiscordMember obj, DiscordMember other)'. [C:\Users\philh\OneDrive\Dokumente\CozyCove\QotD-Bot\src\QotD.Bot\QotD.Bot.csproj]
C:\Users\philh\OneDrive\Dokumente\CozyCove\QotD-Bot\src\QotD.Bot\Features\Teams\Services\TeamSetupEventHandler.cs(32,56): warning CS8625: Cannot convert null literal to non-nullable reference type. [C:\Users\philh\OneDrive\Dokumente\CozyCove\QotD-Bot\src\QotD.Bot\QotD.Bot.csproj]
C:\Users\philh\OneDrive\Dokumente\CozyCove\QotD-Bot\src\QotD.Bot\Features\Teams\Services\TeamSetupEventHandler.cs(169,64): warning CS8602: Dereference of a possibly null reference. [C:\Users\philh\OneDrive\Dokumente\CozyCove\QotD-Bot\src\QotD.Bot\QotD.Bot.csproj]
C:\Users\philh\OneDrive\Dokumente\CozyCove\QotD-Bot\src\QotD.Bot\Features\TempVoice\Services\TempVoiceEventHandler.cs(101,17): warning CS8604: Possible null reference argument for parameter 'e1' in 'bool DiscordChannel.operator ==(DiscordChannel e1, DiscordChannel e2)'. [C:\Users\philh\OneDrive\Dokumente\CozyCove\QotD-Bot\src\QotD.Bot\QotD.Bot.csproj]
C:\Users\philh\OneDrive\Dokumente\CozyCove\QotD-Bot\src\QotD.Bot\Features\TempVoice\Services\TempVoiceEventHandler.cs(101,27): warning CS8625: Cannot convert null literal to non-nullable reference type. [C:\Users\philh\OneDrive\Dokumente\CozyCove\QotD-Bot\src\QotD.Bot\QotD.Bot.csproj]
C:\Users\philh\OneDrive\Dokumente\CozyCove\QotD-Bot\src\QotD.Bot\Features\Teams\Services\TeamListService.cs(58,29): warning CS8604: Possible null reference argument for parameter 'e1' in 'bool DiscordRole.operator !=(DiscordRole e1, DiscordRole e2)'. [C:\Users\philh\OneDrive\Dokumente\CozyCove\QotD-Bot\src\QotD.Bot\QotD.Bot.csproj]
C:\Users\philh\OneDrive\Dokumente\CozyCove\QotD-Bot\src\QotD.Bot\Features\Teams\Services\TeamListService.cs(58,34): warning CS8625: Cannot convert null literal to non-nullable reference type. [C:\Users\philh\OneDrive\Dokumente\CozyCove\QotD-Bot\src\QotD.Bot\QotD.Bot.csproj]
C:\Users\philh\OneDrive\Dokumente\CozyCove\QotD-Bot\src\QotD.Bot\Features\Teams\Services\TeamListService.cs(64,86): warning CS8602: Dereference of a possibly null reference. [C:\Users\philh\OneDrive\Dokumente\CozyCove\QotD-Bot\src\QotD.Bot\QotD.Bot.csproj]
C:\Users\philh\OneDrive\Dokumente\CozyCove\QotD-Bot\src\QotD.Bot\Features\Teams\Services\TeamListService.cs(73,29): warning CS8602: Dereference of a possibly null reference. [C:\Users\philh\OneDrive\Dokumente\CozyCove\QotD-Bot\src\QotD.Bot\QotD.Bot.csproj]
C:\Users\philh\OneDrive\Dokumente\CozyCove\QotD-Bot\src\QotD.Bot\Features\Teams\Services\TeamListService.cs(81,44): warning CS8602: Dereference of a possibly null reference. [C:\Users\philh\OneDrive\Dokumente\CozyCove\QotD-Bot\src\QotD.Bot\QotD.Bot.csproj]
C:\Users\philh\OneDrive\Dokumente\CozyCove\QotD-Bot\src\QotD.Bot\Features\Teams\Services\TeamListService.cs(99,17): warning CS8604: Possible null reference argument for parameter 'e1' in 'bool DiscordMessage.operator !=(DiscordMessage e1, DiscordMessage e2)'. [C:\Users\philh\OneDrive\Dokumente\CozyCove\QotD-Bot\src\QotD.Bot\QotD.Bot.csproj]
C:\Users\philh\OneDrive\Dokumente\CozyCove\QotD-Bot\src\QotD.Bot\Features\Teams\Services\TeamListService.cs(99,34): warning CS8625: Cannot convert null literal to non-nullable reference type. [C:\Users\philh\OneDrive\Dokumente\CozyCove\QotD-Bot\src\QotD.Bot\QotD.Bot.csproj]
C:\Users\philh\OneDrive\Dokumente\CozyCove\QotD-Bot\src\QotD.Bot\Features\TempVoice\Services\TempVoiceEventHandler.cs(140,23): warning CS8625: Cannot convert null literal to non-nullable reference type. [C:\Users\philh\OneDrive\Dokumente\CozyCove\QotD-Bot\src\QotD.Bot\QotD.Bot.csproj]
C:\Users\philh\OneDrive\Dokumente\CozyCove\QotD-Bot\src\QotD.Bot\Features\TempVoice\Services\TempVoiceEventHandler.cs(171,26): warning CS8602: Dereference of a possibly null reference. [C:\Users\philh\OneDrive\Dokumente\CozyCove\QotD-Bot\src\QotD.Bot\QotD.Bot.csproj]
C:\Users\philh\OneDrive\Dokumente\CozyCove\QotD-Bot\src\QotD.Bot\Features\TempVoice\Services\TempVoiceEventHandler.cs(174,70): warning CS8625: Cannot convert null literal to non-nullable reference type. [C:\Users\philh\OneDrive\Dokumente\CozyCove\QotD-Bot\src\QotD.Bot\QotD.Bot.csproj]
C:\Users\philh\OneDrive\Dokumente\CozyCove\QotD-Bot\src\QotD.Bot\Features\TempVoice\Services\TempVoiceEventHandler.cs(198,26): warning CS8602: Dereference of a possibly null reference. [C:\Users\philh\OneDrive\Dokumente\CozyCove\QotD-Bot\src\QotD.Bot\QotD.Bot.csproj]
C:\Users\philh\OneDrive\Dokumente\CozyCove\QotD-Bot\src\QotD.Bot\Features\TempVoice\Services\TempVoiceEventHandler.cs(201,72): warning CS8625: Cannot convert null literal to non-nullable reference type. [C:\Users\philh\OneDrive\Dokumente\CozyCove\QotD-Bot\src\QotD.Bot\QotD.Bot.csproj]
C:\Users\philh\OneDrive\Dokumente\CozyCove\QotD-Bot\src\QotD.Bot\Features\TempVoice\Services\TempVoiceEventHandler.cs(242,17): warning CS8604: Possible null reference argument for parameter 'e1' in 'bool DiscordChannel.operator ==(DiscordChannel e1, DiscordChannel e2)'. [C:\Users\philh\OneDrive\Dokumente\CozyCove\QotD-Bot\src\QotD.Bot\QotD.Bot.csproj]
C:\Users\philh\OneDrive\Dokumente\CozyCove\QotD-Bot\src\QotD.Bot\Features\TempVoice\Services\TempVoiceEventHandler.cs(242,31): warning CS8625: Cannot convert null literal to non-nullable reference type. [C:\Users\philh\OneDrive\Dokumente\CozyCove\QotD-Bot\src\QotD.Bot\QotD.Bot.csproj]
C:\Users\philh\OneDrive\Dokumente\CozyCove\QotD-Bot\src\QotD.Bot\Features\TempVoice\Commands\TempVoiceCommands.cs(41,13): warning CS8604: Possible null reference argument for parameter 'e1' in 'bool DiscordChannel.operator !=(DiscordChannel e1, DiscordChannel e2)'. [C:\Users\philh\OneDrive\Dokumente\CozyCove\QotD-Bot\src\QotD.Bot\QotD.Bot.csproj]
C:\Users\philh\OneDrive\Dokumente\CozyCove\QotD-Bot\src\QotD.Bot\Features\TempVoice\Commands\TempVoiceCommands.cs(41,25): warning CS8625: Cannot convert null literal to non-nullable reference type. [C:\Users\philh\OneDrive\Dokumente\CozyCove\QotD-Bot\src\QotD.Bot\QotD.Bot.csproj]
C:\Users\philh\OneDrive\Dokumente\CozyCove\QotD-Bot\src\QotD.Bot\Features\TempVoice\Commands\TempVoiceCommands.cs(64,33): warning CS8604: Possible null reference argument for parameter 'e1' in 'bool DiscordChannel.operator !=(DiscordChannel e1, DiscordChannel e2)'. [C:\Users\philh\OneDrive\Dokumente\CozyCove\QotD-Bot\src\QotD.Bot\QotD.Bot.csproj]
C:\Users\philh\OneDrive\Dokumente\CozyCove\QotD-Bot\src\QotD.Bot\Features\TempVoice\Commands\TempVoiceCommands.cs(64,45): warning CS8625: Cannot convert null literal to non-nullable reference type. [C:\Users\philh\OneDrive\Dokumente\CozyCove\QotD-Bot\src\QotD.Bot\QotD.Bot.csproj]
C:\Users\philh\OneDrive\Dokumente\CozyCove\QotD-Bot\src\QotD.Bot\Features\TempVoice\Commands\TempVoiceCommands.cs(73,13): warning CS8604: Possible null reference argument for parameter 'e1' in 'bool DiscordChannel.operator ==(DiscordChannel e1, DiscordChannel e2)'. [C:\Users\philh\OneDrive\Dokumente\CozyCove\QotD-Bot\src\QotD.Bot\QotD.Bot.csproj]
C:\Users\philh\OneDrive\Dokumente\CozyCove\QotD-Bot\src\QotD.Bot\Features\TempVoice\Commands\TempVoiceCommands.cs(73,23): warning CS8625: Cannot convert null literal to non-nullable reference type. [C:\Users\philh\OneDrive\Dokumente\CozyCove\QotD-Bot\src\QotD.Bot\QotD.Bot.csproj]
C:\Users\philh\OneDrive\Dokumente\CozyCove\QotD-Bot\src\QotD.Bot\Features\TempVoice\Commands\TempVoiceCommands.cs(86,13): warning CS8604: Possible null reference argument for parameter 'e1' in 'bool DiscordChannel.operator ==(DiscordChannel e1, DiscordChannel e2)'. [C:\Users\philh\OneDrive\Dokumente\CozyCove\QotD-Bot\src\QotD.Bot\QotD.Bot.csproj]
C:\Users\philh\OneDrive\Dokumente\CozyCove\QotD-Bot\src\QotD.Bot\Features\TempVoice\Commands\TempVoiceCommands.cs(86,23): warning CS8625: Cannot convert null literal to non-nullable reference type. [C:\Users\philh\OneDrive\Dokumente\CozyCove\QotD-Bot\src\QotD.Bot\QotD.Bot.csproj]
C:\Users\philh\OneDrive\Dokumente\CozyCove\QotD-Bot\src\QotD.Bot\Features\TempVoice\Commands\TempVoiceCommands.cs(99,13): warning CS8604: Possible null reference argument for parameter 'e1' in 'bool DiscordChannel.operator ==(DiscordChannel e1, DiscordChannel e2)'. [C:\Users\philh\OneDrive\Dokumente\CozyCove\QotD-Bot\src\QotD.Bot\QotD.Bot.csproj]
C:\Users\philh\OneDrive\Dokumente\CozyCove\QotD-Bot\src\QotD.Bot\Features\TempVoice\Commands\TempVoiceCommands.cs(99,23): warning CS8625: Cannot convert null literal to non-nullable reference type. [C:\Users\philh\OneDrive\Dokumente\CozyCove\QotD-Bot\src\QotD.Bot\QotD.Bot.csproj]
C:\Users\philh\OneDrive\Dokumente\CozyCove\QotD-Bot\src\QotD.Bot\Features\TempVoice\Commands\TempVoiceCommands.cs(110,13): warning CS8604: Possible null reference argument for parameter 'e1' in 'bool DiscordChannel.operator ==(DiscordChannel e1, DiscordChannel e2)'. [C:\Users\philh\OneDrive\Dokumente\CozyCove\QotD-Bot\src\QotD.Bot\QotD.Bot.csproj]
C:\Users\philh\OneDrive\Dokumente\CozyCove\QotD-Bot\src\QotD.Bot\Features\TempVoice\Commands\TempVoiceCommands.cs(110,23): warning CS8625: Cannot convert null literal to non-nullable reference type. [C:\Users\philh\OneDrive\Dokumente\CozyCove\QotD-Bot\src\QotD.Bot\QotD.Bot.csproj]
C:\Users\philh\OneDrive\Dokumente\CozyCove\QotD-Bot\src\QotD.Bot\Features\Tickets\Services\TicketService.cs(115,15): warning DSP0007: Use one 'channel.ModifyAsync(..)' instead of multiple 'channel.AddOverwriteAsync(..)' (https://dsharpplus.github.io/DSharpPlus/articles/analyzers/core.html#usage-error-dsp0007) [C:\Users\philh\OneDrive\Dokumente\CozyCove\QotD-Bot\src\QotD.Bot\QotD.Bot.csproj]
C:\Users\philh\OneDrive\Dokumente\CozyCove\QotD-Bot\src\QotD.Bot\Features\Tickets\Services\TicketService.cs(125,19): warning DSP0007: Use one 'channel.ModifyAsync(..)' instead of multiple 'channel.AddOverwriteAsync(..)' (https://dsharpplus.github.io/DSharpPlus/articles/analyzers/core.html#usage-error-dsp0007) [C:\Users\philh\OneDrive\Dokumente\CozyCove\QotD-Bot\src\QotD.Bot\QotD.Bot.csproj]
C:\Users\philh\OneDrive\Dokumente\CozyCove\QotD-Bot\src\QotD.Bot\Features\Tickets\Services\TicketService.cs(115,57): warning DSP0009: Use 'DiscordPermissions' instead of operating on 'DiscordPermission' (https://dsharpplus.github.io/DSharpPlus/articles/analyzers/core.html#usage-warning-dsp0009) [C:\Users\philh\OneDrive\Dokumente\CozyCove\QotD-Bot\src\QotD.Bot\QotD.Bot.csproj]
C:\Users\philh\OneDrive\Dokumente\CozyCove\QotD-Bot\src\QotD.Bot\Features\Tickets\Services\TicketService.cs(115,57): warning DSP0009: Use 'DiscordPermissions' instead of operating on 'DiscordPermission' (https://dsharpplus.github.io/DSharpPlus/articles/analyzers/core.html#usage-warning-dsp0009) [C:\Users\philh\OneDrive\Dokumente\CozyCove\QotD-Bot\src\QotD.Bot\QotD.Bot.csproj]
C:\Users\philh\OneDrive\Dokumente\CozyCove\QotD-Bot\src\QotD.Bot\Features\Tickets\Services\TicketService.cs(125,58): warning DSP0009: Use 'DiscordPermissions' instead of operating on 'DiscordPermission' (https://dsharpplus.github.io/DSharpPlus/articles/analyzers/core.html#usage-warning-dsp0009) [C:\Users\philh\OneDrive\Dokumente\CozyCove\QotD-Bot\src\QotD.Bot\QotD.Bot.csproj]
C:\Users\philh\OneDrive\Dokumente\CozyCove\QotD-Bot\src\QotD.Bot\Features\Tickets\Services\TicketService.cs(125,58): warning DSP0009: Use 'DiscordPermissions' instead of operating on 'DiscordPermission' (https://dsharpplus.github.io/DSharpPlus/articles/analyzers/core.html#usage-warning-dsp0009) [C:\Users\philh\OneDrive\Dokumente\CozyCove\QotD-Bot\src\QotD.Bot\QotD.Bot.csproj]
C:\Users\philh\OneDrive\Dokumente\CozyCove\QotD-Bot\src\QotD.Bot\Features\Tickets\Services\TicketService.cs(125,58): warning DSP0009: Use 'DiscordPermissions' instead of operating on 'DiscordPermission' (https://dsharpplus.github.io/DSharpPlus/articles/analyzers/core.html#usage-warning-dsp0009) [C:\Users\philh\OneDrive\Dokumente\CozyCove\QotD-Bot\src\QotD.Bot\QotD.Bot.csproj]
C:\Users\philh\OneDrive\Dokumente\CozyCove\QotD-Bot\src\QotD.Bot\Features\TempVoice\Services\TempVoiceEventHandler.cs(223,23): warning DSP0007: Use one 'voiceChannel.ModifyAsync(..)' instead of multiple 'voiceChannel.AddOverwriteAsync(..)' (https://dsharpplus.github.io/DSharpPlus/articles/analyzers/core.html#usage-error-dsp0007) [C:\Users\philh\OneDrive\Dokumente\CozyCove\QotD-Bot\src\QotD.Bot\QotD.Bot.csproj]
  QotD.Bot -> C:\Users\philh\OneDrive\Dokumente\CozyCove\QotD-Bot\src\QotD.Bot\bin\Debug\net9.0\QotD.Bot.dll

Build succeeded.

C:\Users\philh\OneDrive\Dokumente\CozyCove\QotD-Bot\src\QotD.Bot\Features\Logging\Services\LogSetupEventHandler.cs(39,46): warning CS8604: Possible null reference argument for parameter 'obj' in 'bool DiscordMember.operator ==(DiscordMember obj, DiscordMember other)'. [C:\Users\philh\OneDrive\Dokumente\CozyCove\QotD-Bot\src\QotD.Bot\QotD.Bot.csproj]
C:\Users\philh\OneDrive\Dokumente\CozyCove\QotD-Bot\src\QotD.Bot\Features\Logging\Services\LogSetupEventHandler.cs(39,56): warning CS8625: Cannot convert null literal to non-nullable reference type. [C:\Users\philh\OneDrive\Dokumente\CozyCove\QotD-Bot\src\QotD.Bot\QotD.Bot.csproj]
C:\Users\philh\OneDrive\Dokumente\CozyCove\QotD-Bot\src\QotD.Bot\Features\Birthdays\Services\BirthdayBackgroundService.cs(76,22): warning CS8625: Cannot convert null literal to non-nullable reference type. [C:\Users\philh\OneDrive\Dokumente\CozyCove\QotD-Bot\src\QotD.Bot\QotD.Bot.csproj]
C:\Users\philh\OneDrive\Dokumente\CozyCove\QotD-Bot\src\QotD.Bot\Features\Birthdays\Services\BirthdayBackgroundService.cs(93,31): warning CS8625: Cannot convert null literal to non-nullable reference type. [C:\Users\philh\OneDrive\Dokumente\CozyCove\QotD-Bot\src\QotD.Bot\QotD.Bot.csproj]
C:\Users\philh\OneDrive\Dokumente\CozyCove\QotD-Bot\src\QotD.Bot\Features\Birthdays\Services\BirthdayBackgroundService.cs(98,29): warning CS8604: Possible null reference argument for parameter 'e1' in 'bool DiscordRole.operator !=(DiscordRole e1, DiscordRole e2)'. [C:\Users\philh\OneDrive\Dokumente\CozyCove\QotD-Bot\src\QotD.Bot\QotD.Bot.csproj]
C:\Users\philh\OneDrive\Dokumente\CozyCove\QotD-Bot\src\QotD.Bot\Features\Birthdays\Services\BirthdayBackgroundService.cs(98,37): warning CS8625: Cannot convert null literal to non-nullable reference type. [C:\Users\philh\OneDrive\Dokumente\CozyCove\QotD-Bot\src\QotD.Bot\QotD.Bot.csproj]
C:\Users\philh\OneDrive\Dokumente\CozyCove\QotD-Bot\src\QotD.Bot\Features\Birthdays\Services\BirthdayBackgroundService.cs(110,17): warning CS8604: Possible null reference argument for parameter 'e1' in 'bool DiscordRole.operator !=(DiscordRole e1, DiscordRole e2)'. [C:\Users\philh\OneDrive\Dokumente\CozyCove\QotD-Bot\src\QotD.Bot\QotD.Bot.csproj]
C:\Users\philh\OneDrive\Dokumente\CozyCove\QotD-Bot\src\QotD.Bot\Features\Birthdays\Services\BirthdayBackgroundService.cs(110,25): warning CS8625: Cannot convert null literal to non-nullable reference type. [C:\Users\philh\OneDrive\Dokumente\CozyCove\QotD-Bot\src\QotD.Bot\QotD.Bot.csproj]
C:\Users\philh\OneDrive\Dokumente\CozyCove\QotD-Bot\src\QotD.Bot\Features\Birthdays\Services\BirthdayBackgroundService.cs(138,17): warning CS8604: Possible null reference argument for parameter 'e1' in 'bool DiscordChannel.operator !=(DiscordChannel e1, DiscordChannel e2)'. [C:\Users\philh\OneDrive\Dokumente\CozyCove\QotD-Bot\src\QotD.Bot\QotD.Bot.csproj]
C:\Users\philh\OneDrive\Dokumente\CozyCove\QotD-Bot\src\QotD.Bot\Features\Birthdays\Services\BirthdayBackgroundService.cs(138,28): warning CS8625: Cannot convert null literal to non-nullable reference type. [C:\Users\philh\OneDrive\Dokumente\CozyCove\QotD-Bot\src\QotD.Bot\QotD.Bot.csproj]
C:\Users\philh\OneDrive\Dokumente\CozyCove\QotD-Bot\src\QotD.Bot\Features\Logging\Services\DiscordLoggingEventHandler.cs(73,24): warning CS8625: Cannot convert null literal to non-nullable reference type. [C:\Users\philh\OneDrive\Dokumente\CozyCove\QotD-Bot\src\QotD.Bot\QotD.Bot.csproj]
C:\Users\philh\OneDrive\Dokumente\CozyCove\QotD-Bot\src\QotD.Bot\Features\Logging\Services\DiscordLoggingEventHandler.cs(87,24): warning CS8625: Cannot convert null literal to non-nullable reference type. [C:\Users\philh\OneDrive\Dokumente\CozyCove\QotD-Bot\src\QotD.Bot\QotD.Bot.csproj]
C:\Users\philh\OneDrive\Dokumente\CozyCove\QotD-Bot\src\QotD.Bot\Features\Teams\Services\TeamSetupEventHandler.cs(32,46): warning CS8604: Possible null reference argument for parameter 'obj' in 'bool DiscordMember.operator ==(DiscordMember obj, DiscordMember other)'. [C:\Users\philh\OneDrive\Dokumente\CozyCove\QotD-Bot\src\QotD.Bot\QotD.Bot.csproj]
C:\Users\philh\OneDrive\Dokumente\CozyCove\QotD-Bot\src\QotD.Bot\Features\Teams\Services\TeamSetupEventHandler.cs(32,56): warning CS8625: Cannot convert null literal to non-nullable reference type. [C:\Users\philh\OneDrive\Dokumente\CozyCove\QotD-Bot\src\QotD.Bot\QotD.Bot.csproj]
C:\Users\philh\OneDrive\Dokumente\CozyCove\QotD-Bot\src\QotD.Bot\Features\Teams\Services\TeamSetupEventHandler.cs(169,64): warning CS8602: Dereference of a possibly null reference. [C:\Users\philh\OneDrive\Dokumente\CozyCove\QotD-Bot\src\QotD.Bot\QotD.Bot.csproj]
C:\Users\philh\OneDrive\Dokumente\CozyCove\QotD-Bot\src\QotD.Bot\Features\TempVoice\Services\TempVoiceEventHandler.cs(101,17): warning CS8604: Possible null reference argument for parameter 'e1' in 'bool DiscordChannel.operator ==(DiscordChannel e1, DiscordChannel e2)'. [C:\Users\philh\OneDrive\Dokumente\CozyCove\QotD-Bot\src\QotD.Bot\QotD.Bot.csproj]
C:\Users\philh\OneDrive\Dokumente\CozyCove\QotD-Bot\src\QotD.Bot\Features\TempVoice\Services\TempVoiceEventHandler.cs(101,27): warning CS8625: Cannot convert null literal to non-nullable reference type. [C:\Users\philh\OneDrive\Dokumente\CozyCove\QotD-Bot\src\QotD.Bot\QotD.Bot.csproj]
C:\Users\philh\OneDrive\Dokumente\CozyCove\QotD-Bot\src\QotD.Bot\Features\Teams\Services\TeamListService.cs(58,29): warning CS8604: Possible null reference argument for parameter 'e1' in 'bool DiscordRole.operator !=(DiscordRole e1, DiscordRole e2)'. [C:\Users\philh\OneDrive\Dokumente\CozyCove\QotD-Bot\src\QotD.Bot\QotD.Bot.csproj]
C:\Users\philh\OneDrive\Dokumente\CozyCove\QotD-Bot\src\QotD.Bot\Features\Teams\Services\TeamListService.cs(58,34): warning CS8625: Cannot convert null literal to non-nullable reference type. [C:\Users\philh\OneDrive\Dokumente\CozyCove\QotD-Bot\src\QotD.Bot\QotD.Bot.csproj]
C:\Users\philh\OneDrive\Dokumente\CozyCove\QotD-Bot\src\QotD.Bot\Features\Teams\Services\TeamListService.cs(64,86): warning CS8602: Dereference of a possibly null reference. [C:\Users\philh\OneDrive\Dokumente\CozyCove\QotD-Bot\src\QotD.Bot\QotD.Bot.csproj]
C:\Users\philh\OneDrive\Dokumente\CozyCove\QotD-Bot\src\QotD.Bot\Features\Teams\Services\TeamListService.cs(73,29): warning CS8602: Dereference of a possibly null reference. [C:\Users\philh\OneDrive\Dokumente\CozyCove\QotD-Bot\src\QotD.Bot\QotD.Bot.csproj]
C:\Users\philh\OneDrive\Dokumente\CozyCove\QotD-Bot\src\QotD.Bot\Features\Teams\Services\TeamListService.cs(81,44): warning CS8602: Dereference of a possibly null reference. [C:\Users\philh\OneDrive\Dokumente\CozyCove\QotD-Bot\src\QotD.Bot\QotD.Bot.csproj]
C:\Users\philh\OneDrive\Dokumente\CozyCove\QotD-Bot\src\QotD.Bot\Features\Teams\Services\TeamListService.cs(99,17): warning CS8604: Possible null reference argument for parameter 'e1' in 'bool DiscordMessage.operator !=(DiscordMessage e1, DiscordMessage e2)'. [C:\Users\philh\OneDrive\Dokumente\CozyCove\QotD-Bot\src\QotD.Bot\QotD.Bot.csproj]
C:\Users\philh\OneDrive\Dokumente\CozyCove\QotD-Bot\src\QotD.Bot\Features\Teams\Services\TeamListService.cs(99,34): warning CS8625: Cannot convert null literal to non-nullable reference type. [C:\Users\philh\OneDrive\Dokumente\CozyCove\QotD-Bot\src\QotD.Bot\QotD.Bot.csproj]
C:\Users\philh\OneDrive\Dokumente\CozyCove\QotD-Bot\src\QotD.Bot\Features\TempVoice\Services\TempVoiceEventHandler.cs(140,23): warning CS8625: Cannot convert null literal to non-nullable reference type. [C:\Users\philh\OneDrive\Dokumente\CozyCove\QotD-Bot\src\QotD.Bot\QotD.Bot.csproj]
C:\Users\philh\OneDrive\Dokumente\CozyCove\QotD-Bot\src\QotD.Bot\Features\TempVoice\Services\TempVoiceEventHandler.cs(171,26): warning CS8602: Dereference of a possibly null reference. [C:\Users\philh\OneDrive\Dokumente\CozyCove\QotD-Bot\src\QotD.Bot\QotD.Bot.csproj]
C:\Users\philh\OneDrive\Dokumente\CozyCove\QotD-Bot\src\QotD.Bot\Features\TempVoice\Services\TempVoiceEventHandler.cs(174,70): warning CS8625: Cannot convert null literal to non-nullable reference type. [C:\Users\philh\OneDrive\Dokumente\CozyCove\QotD-Bot\src\QotD.Bot\QotD.Bot.csproj]
C:\Users\philh\OneDrive\Dokumente\CozyCove\QotD-Bot\src\QotD.Bot\Features\TempVoice\Services\TempVoiceEventHandler.cs(198,26): warning CS8602: Dereference of a possibly null reference. [C:\Users\philh\OneDrive\Dokumente\CozyCove\QotD-Bot\src\QotD.Bot\QotD.Bot.csproj]
C:\Users\philh\OneDrive\Dokumente\CozyCove\QotD-Bot\src\QotD.Bot\Features\TempVoice\Services\TempVoiceEventHandler.cs(201,72): warning CS8625: Cannot convert null literal to non-nullable reference type. [C:\Users\philh\OneDrive\Dokumente\CozyCove\QotD-Bot\src\QotD.Bot\QotD.Bot.csproj]
C:\Users\philh\OneDrive\Dokumente\CozyCove\QotD-Bot\src\QotD.Bot\Features\TempVoice\Services\TempVoiceEventHandler.cs(242,17): warning CS8604: Possible null reference argument for parameter 'e1' in 'bool DiscordChannel.operator ==(DiscordChannel e1, DiscordChannel e2)'. [C:\Users\philh\OneDrive\Dokumente\CozyCove\QotD-Bot\src\QotD.Bot\QotD.Bot.csproj]
C:\Users\philh\OneDrive\Dokumente\CozyCove\QotD-Bot\src\QotD.Bot\Features\TempVoice\Services\TempVoiceEventHandler.cs(242,31): warning CS8625: Cannot convert null literal to non-nullable reference type. [C:\Users\philh\OneDrive\Dokumente\CozyCove\QotD-Bot\src\QotD.Bot\QotD.Bot.csproj]
C:\Users\philh\OneDrive\Dokumente\CozyCove\QotD-Bot\src\QotD.Bot\Features\TempVoice\Commands\TempVoiceCommands.cs(41,13): warning CS8604: Possible null reference argument for parameter 'e1' in 'bool DiscordChannel.operator !=(DiscordChannel e1, DiscordChannel e2)'. [C:\Users\philh\OneDrive\Dokumente\CozyCove\QotD-Bot\src\QotD.Bot\QotD.Bot.csproj]
C:\Users\philh\OneDrive\Dokumente\CozyCove\QotD-Bot\src\QotD.Bot\Features\TempVoice\Commands\TempVoiceCommands.cs(41,25): warning CS8625: Cannot convert null literal to non-nullable reference type. [C:\Users\philh\OneDrive\Dokumente\CozyCove\QotD-Bot\src\QotD.Bot\QotD.Bot.csproj]
C:\Users\philh\OneDrive\Dokumente\CozyCove\QotD-Bot\src\QotD.Bot\Features\TempVoice\Commands\TempVoiceCommands.cs(64,33): warning CS8604: Possible null reference argument for parameter 'e1' in 'bool DiscordChannel.operator !=(DiscordChannel e1, DiscordChannel e2)'. [C:\Users\philh\OneDrive\Dokumente\CozyCove\QotD-Bot\src\QotD.Bot\QotD.Bot.csproj]
C:\Users\philh\OneDrive\Dokumente\CozyCove\QotD-Bot\src\QotD.Bot\Features\TempVoice\Commands\TempVoiceCommands.cs(64,45): warning CS8625: Cannot convert null literal to non-nullable reference type. [C:\Users\philh\OneDrive\Dokumente\CozyCove\QotD-Bot\src\QotD.Bot\QotD.Bot.csproj]
C:\Users\philh\OneDrive\Dokumente\CozyCove\QotD-Bot\src\QotD.Bot\Features\TempVoice\Commands\TempVoiceCommands.cs(73,13): warning CS8604: Possible null reference argument for parameter 'e1' in 'bool DiscordChannel.operator ==(DiscordChannel e1, DiscordChannel e2)'. [C:\Users\philh\OneDrive\Dokumente\CozyCove\QotD-Bot\src\QotD.Bot\QotD.Bot.csproj]
C:\Users\philh\OneDrive\Dokumente\CozyCove\QotD-Bot\src\QotD.Bot\Features\TempVoice\Commands\TempVoiceCommands.cs(73,23): warning CS8625: Cannot convert null literal to non-nullable reference type. [C:\Users\philh\OneDrive\Dokumente\CozyCove\QotD-Bot\src\QotD.Bot\QotD.Bot.csproj]
C:\Users\philh\OneDrive\Dokumente\CozyCove\QotD-Bot\src\QotD.Bot\Features\TempVoice\Commands\TempVoiceCommands.cs(86,13): warning CS8604: Possible null reference argument for parameter 'e1' in 'bool DiscordChannel.operator ==(DiscordChannel e1, DiscordChannel e2)'. [C:\Users\philh\OneDrive\Dokumente\CozyCove\QotD-Bot\src\QotD.Bot\QotD.Bot.csproj]
C:\Users\philh\OneDrive\Dokumente\CozyCove\QotD-Bot\src\QotD.Bot\Features\TempVoice\Commands\TempVoiceCommands.cs(86,23): warning CS8625: Cannot convert null literal to non-nullable reference type. [C:\Users\philh\OneDrive\Dokumente\CozyCove\QotD-Bot\src\QotD.Bot\QotD.Bot.csproj]
C:\Users\philh\OneDrive\Dokumente\CozyCove\QotD-Bot\src\QotD.Bot\Features\TempVoice\Commands\TempVoiceCommands.cs(99,13): warning CS8604: Possible null reference argument for parameter 'e1' in 'bool DiscordChannel.operator ==(DiscordChannel e1, DiscordChannel e2)'. [C:\Users\philh\OneDrive\Dokumente\CozyCove\QotD-Bot\src\QotD.Bot\QotD.Bot.csproj]
C:\Users\philh\OneDrive\Dokumente\CozyCove\QotD-Bot\src\QotD.Bot\Features\TempVoice\Commands\TempVoiceCommands.cs(99,23): warning CS8625: Cannot convert null literal to non-nullable reference type. [C:\Users\philh\OneDrive\Dokumente\CozyCove\QotD-Bot\src\QotD.Bot\QotD.Bot.csproj]
C:\Users\philh\OneDrive\Dokumente\CozyCove\QotD-Bot\src\QotD.Bot\Features\TempVoice\Commands\TempVoiceCommands.cs(110,13): warning CS8604: Possible null reference argument for parameter 'e1' in 'bool DiscordChannel.operator ==(DiscordChannel e1, DiscordChannel e2)'. [C:\Users\philh\OneDrive\Dokumente\CozyCove\QotD-Bot\src\QotD.Bot\QotD.Bot.csproj]
C:\Users\philh\OneDrive\Dokumente\CozyCove\QotD-Bot\src\QotD.Bot\Features\TempVoice\Commands\TempVoiceCommands.cs(110,23): warning CS8625: Cannot convert null literal to non-nullable reference type. [C:\Users\philh\OneDrive\Dokumente\CozyCove\QotD-Bot\src\QotD.Bot\QotD.Bot.csproj]
C:\Users\philh\OneDrive\Dokumente\CozyCove\QotD-Bot\src\QotD.Bot\Features\Tickets\Services\TicketService.cs(115,15): warning DSP0007: Use one 'channel.ModifyAsync(..)' instead of multiple 'channel.AddOverwriteAsync(..)' (https://dsharpplus.github.io/DSharpPlus/articles/analyzers/core.html#usage-error-dsp0007) [C:\Users\philh\OneDrive\Dokumente\CozyCove\QotD-Bot\src\QotD.Bot\QotD.Bot.csproj]
C:\Users\philh\OneDrive\Dokumente\CozyCove\QotD-Bot\src\QotD.Bot\Features\Tickets\Services\TicketService.cs(125,19): warning DSP0007: Use one 'channel.ModifyAsync(..)' instead of multiple 'channel.AddOverwriteAsync(..)' (https://dsharpplus.github.io/DSharpPlus/articles/analyzers/core.html#usage-error-dsp0007) [C:\Users\philh\OneDrive\Dokumente\CozyCove\QotD-Bot\src\QotD.Bot\QotD.Bot.csproj]
C:\Users\philh\OneDrive\Dokumente\CozyCove\QotD-Bot\src\QotD.Bot\Features\Tickets\Services\TicketService.cs(115,57): warning DSP0009: Use 'DiscordPermissions' instead of operating on 'DiscordPermission' (https://dsharpplus.github.io/DSharpPlus/articles/analyzers/core.html#usage-warning-dsp0009) [C:\Users\philh\OneDrive\Dokumente\CozyCove\QotD-Bot\src\QotD.Bot\QotD.Bot.csproj]
C:\Users\philh\OneDrive\Dokumente\CozyCove\QotD-Bot\src\QotD.Bot\Features\Tickets\Services\TicketService.cs(115,57): warning DSP0009: Use 'DiscordPermissions' instead of operating on 'DiscordPermission' (https://dsharpplus.github.io/DSharpPlus/articles/analyzers/core.html#usage-warning-dsp0009) [C:\Users\philh\OneDrive\Dokumente\CozyCove\QotD-Bot\src\QotD.Bot\QotD.Bot.csproj]
C:\Users\philh\OneDrive\Dokumente\CozyCove\QotD-Bot\src\QotD.Bot\Features\Tickets\Services\TicketService.cs(125,58): warning DSP0009: Use 'DiscordPermissions' instead of operating on 'DiscordPermission' (https://dsharpplus.github.io/DSharpPlus/articles/analyzers/core.html#usage-warning-dsp0009) [C:\Users\philh\OneDrive\Dokumente\CozyCove\QotD-Bot\src\QotD.Bot\QotD.Bot.csproj]
C:\Users\philh\OneDrive\Dokumente\CozyCove\QotD-Bot\src\QotD.Bot\Features\Tickets\Services\TicketService.cs(125,58): warning DSP0009: Use 'DiscordPermissions' instead of operating on 'DiscordPermission' (https://dsharpplus.github.io/DSharpPlus/articles/analyzers/core.html#usage-warning-dsp0009) [C:\Users\philh\OneDrive\Dokumente\CozyCove\QotD-Bot\src\QotD.Bot\QotD.Bot.csproj]
C:\Users\philh\OneDrive\Dokumente\CozyCove\QotD-Bot\src\QotD.Bot\Features\Tickets\Services\TicketService.cs(125,58): warning DSP0009: Use 'DiscordPermissions' instead of operating on 'DiscordPermission' (https://dsharpplus.github.io/DSharpPlus/articles/analyzers/core.html#usage-warning-dsp0009) [C:\Users\philh\OneDrive\Dokumente\CozyCove\QotD-Bot\src\QotD.Bot\QotD.Bot.csproj]
C:\Users\philh\OneDrive\Dokumente\CozyCove\QotD-Bot\src\QotD.Bot\Features\TempVoice\Services\TempVoiceEventHandler.cs(223,23): warning DSP0007: Use one 'voiceChannel.ModifyAsync(..)' instead of multiple 'voiceChannel.AddOverwriteAsync(..)' (https://dsharpplus.github.io/DSharpPlus/articles/analyzers/core.html#usage-error-dsp0007) [C:\Users\philh\OneDrive\Dokumente\CozyCove\QotD-Bot\src\QotD.Bot\QotD.Bot.csproj]
    51 Warning(s)
    0 Error(s)

Time Elapsed 00:00:09.46
