C:\Users\philh\OneDrive\Dokumente\QotD-Bot\src\QotD.Bot\Program.cs(53,23): error CS0246: The type or namespace name 'DiscordClientBuilder' could not be found (are you missing a using directive or an assembly reference?) [C:\Users\philh\OneDrive\Dokumente\QotD-Bot\src\QotD.Bot\QotD.Bot.csproj]

Build FAILED.
    0 Warning(s)
    1 Error(s)

Time Elapsed 00:00:01.14
